$ make operational
[exit 0 in 9.423s]
.build/br_tests
{"suite":"BOTTLE_ROCKET_4.7.0_DEVICE_IO_AUTHORITY","failures":0,"result":"PASS"}
.build/brctl verify-lctlc examples/boot.lctlc
Columned LCTL semantic verify: PASS
.build/brctl verify-lctlc src/CORE.lctlc
Columned LCTL semantic verify: PASS
.build/brctl lctl-to-brir examples/boot.lctlc deploy/BOTTLE_ROCKET_4.7.0_COLUMNED_LCTL_VIRTUAL_DEVICE_IO_SERVICE_ARCHITECTURE.brir
LCTL -> BRIR: PASS
.build/brctl compile-lctlc examples/boot.lctlc deploy/BOTTLE_ROCKET_4.7.0_COLUMNED_LCTL_VIRTUAL_DEVICE_IO_SERVICE_ARCHITECTURE.brimg
Columned LCTL compile: PASS
python3 tools/provenance.py examples/boot.lctlc deploy/BOTTLE_ROCKET_4.7.0_COLUMNED_LCTL_VIRTUAL_DEVICE_IO_SERVICE_ARCHITECTURE.brir deploy/BOTTLE_ROCKET_4.7.0_COLUMNED_LCTL_VIRTUAL_DEVICE_IO_SERVICE_ARCHITECTURE.brimg deploy/BOTTLE_ROCKET_4.7.0_COLUMNED_LCTL_VIRTUAL_DEVICE_IO_SERVICE_ARCHITECTURE.provenance.json
Source/Binary provenance: PASS
.build/brverify deploy/BOTTLE_ROCKET_4.7.0_COLUMNED_LCTL_VIRTUAL_DEVICE_IO_SERVICE_ARCHITECTURE.brimg examples/boot.lctlc deploy/BOTTLE_ROCKET_4.7.0_COLUMNED_LCTL_VIRTUAL_DEVICE_IO_SERVICE_ARCHITECTURE.brir
independent BRIM verifier: PASS
test "$(wc -c < deploy/BOTTLE_ROCKET_4.7.0_COLUMNED_LCTL_VIRTUAL_DEVICE_IO_SERVICE_ARCHITECTURE.brimg)" -le 51200
! grep -En '#include <(stdio|unistd|fcntl|openssl|windows|io)[.]h>|(^|[^A-Za-z_])(fopen|fread|fwrite|fsync|getenv|isatty|socket|connect|EVP_|RAND_|SHA256)[[:space:]]*[(]' src/brvm.c
nm .build/brvm-core.o .build/brtrust-core.o | awk '$2 ~ /^[bBdD]$/ {bad=1} END {exit bad}'
! nm -u .build/brvm-core.o .build/brtrust-core.o | grep -E 'EVP_|RAND_|SHA256|fopen|fread|fwrite|fsync|socket|connect|getenv|isatty'
grep -q 'typedef struct br_hal' src/brvm.h
grep -q 'N02' src/brvm.h
! grep -Eiq 'keygen|sign-image|run-signed|--unsigned|--no-verify|bypass' host/brctl.c
grep -q '#ifdef BR_PRODUCTION' src/brvm.c
.build/brctl lctl-to-brir examples/boot.lctlc .build/a.brir
LCTL -> BRIR: PASS
.build/brctl lctl-to-brir examples/boot.lctlc .build/b.brir
LCTL -> BRIR: PASS
cmp .build/a.brir .build/b.brir
.build/brctl compile-lctlc examples/boot.lctlc .build/a.brimg
Columned LCTL compile: PASS
.build/brctl compile-lctlc examples/boot.lctlc .build/b.brimg
Columned LCTL compile: PASS
cmp .build/a.brimg .build/b.brimg
.build/brverify --disasm deploy/BOTTLE_ROCKET_4.7.0_COLUMNED_LCTL_VIRTUAL_DEVICE_IO_SERVICE_ARCHITECTURE.brimg > .build/disasm.txt
awk -F'|' 'NR>2 && $1 ~ /^[0-9]+$/ {print $1"|"$3"|"$4"|"$5"|"$6"|"$7"|"$8"|"$9"|"$10"|"$11}' deploy/BOTTLE_ROCKET_4.7.0_COLUMNED_LCTL_VIRTUAL_DEVICE_IO_SERVICE_ARCHITECTURE.brir > .build/brir.semantic
awk -F'|' '{print $1"|"$2"|"$3"|"$4"|"$5"|"$6"|"$7"|"$8"|"$9"|"$10}' .build/disasm.txt > .build/disasm.semantic
cmp .build/brir.semantic .build/disasm.semantic
.build/bradmin run compat/BOTTLE_ROCKET_4.1.0.brimg | grep 'R2.low64=42'
R2.low64=42
.build/bradmin run compat/BOTTLE_ROCKET_4.2.0.brimg | grep 'R2.low64=42'
R2.low64=42
.build/bradmin run compat/BOTTLE_ROCKET_4.6.0.brimg | grep 'R2.low64=42'
R2.low64=42
.build/brctl verify-secure compat/BOTTLE_ROCKET_4.6.0.brsb
secure=PASS status=0 trap=0 image_version=8 generation=1 issuer_epoch=1
.build/brctl secure-run compat/BOTTLE_ROCKET_4.6.0.brsb | grep 'R2.low64=42'
R2.low64=42
.build/bradmin keygen .build/k.private .build/k.public
Ed25519 host-evaluation key generation: PASS
.build/bradmin sign-image deploy/BOTTLE_ROCKET_4.7.0_COLUMNED_LCTL_VIRTUAL_DEVICE_IO_SERVICE_ARCHITECTURE.brimg .build/signed.brimg .build/k.private
BOTTLE ROCKET signed image: PASS
.build/bradmin verify-image .build/signed.brimg .build/k.public
status=0 trap=0 ip=0 image_version=9 result=PASS
.build/brverify .build/signed.brimg examples/boot.lctlc deploy/BOTTLE_ROCKET_4.7.0_COLUMNED_LCTL_VIRTUAL_DEVICE_IO_SERVICE_ARCHITECTURE.brir
independent BRIM verifier: PASS
.build/bradmin run-signed .build/signed.brimg .build/k.public | grep 'R2.low64=42'
R2.low64=42
BRCTL=/tmp/df-verify-n_medium-m78r5lpb/BOTTLE_ROCKET_5.0.0_VM_110K_RC/.build/bradmin BRVERIFY=/tmp/df-verify-n_medium-m78r5lpb/BOTTLE_ROCKET_5.0.0_VM_110K_RC/.build/brverify PROVTOOL=/tmp/df-verify-n_medium-m78r5lpb/BOTTLE_ROCKET_5.0.0_VM_110K_RC/tools/provenance.py sh tests/semantic_tests.sh
BR-430 semantic tests: PASS cases=40
python3 tests/spec_sync.py
BR-470 specification synchronization: PASS isa=4.1 abi=1.0 devices=8 opcodes=32 services=20 traps=14
cc -Isrc -Ihost -std=c11 -O2 -Wall -Wextra -Werror -fno-common -fstack-protector-strong src/brvm.c src/brtrust.c host/br_host.c tests/isa_abi_conformance.c -o .build/br_isa_conformance -lcrypto
.build/br_isa_conformance .build/signed.brimg
{"suite":"BR-430_ISA_ABI_CONFORMANCE","opcodes":32,"services":20,"required_traps":14,"isa":"4.1","abi":"1.0","failures":0,"result":"PASS"}
cc -Isrc -Ihost -std=c11 -O2 -Wall -Wextra -Werror -fno-common -fstack-protector-strong src/brvm.c src/brtrust.c host/br_host.c tests/wide_state_conformance.c -o .build/br_wide_conformance -lcrypto
.build/br_wide_conformance
PASS BR-460-01-R01 dense representation
PASS BR-460-01-R02 sparse representation
PASS BR-460-01-R03 small-value representation
PASS BR-460-01-R04 zero singleton/no heap
PASS BR-460-01-R05 copy-on-write share
PASS BR-460-03-R03 copy-on-write detach
PASS BR-460-01-R06 immutable constant representation
PASS BR-460-02-R01 limbs allocated on demand
PASS BR-460-02-R02 small integer avoids 128KiB
PASS BR-460-02-R03 representation grows with significant bits
PASS BR-460-02-R04 normalization shrinks to small form
PASS BR-460-03-R01 register bank stores descriptors
PASS BR-460-03-R02 reference-count ownership header
PASS BR-460-03-R04 zero-init no physical wide allocation
PASS BR-460-03-R05 reset/destroy ownership deterministic
PASS BR-460-04-R01 stack contains descriptors
PASS BR-460-04-R02 no 256-wide-word preallocation
PASS BR-460-04-R03 push shares value lazily
PASS BR-460-04-R04 pop transfers ownership
PASS BR-460-04-R05 stack byte quota enforced
PASS BR-460-05-R01 deduplicated constants
PASS BR-460-05-R02 constant immutable
PASS BR-460-05-R03 shared zero/one
PASS BR-460-05-R04 bounded economical constant pool
PASS BR-460-06-R01 scratch allocated and retained for reuse
PASS BR-460-06-R02 bounded scratch arena
PASS BR-460-06-R03 deterministic two-slot allocation
PASS BR-460-06-R04 power-of-two arena avoids arbitrary fragmentation
PASS BR-460-06-R05 scratch exhaustion fails safely
PASS BR-460-07-R01 limb add/sub carry
PASS BR-460-07-R02 size-selected multiplication fast path
PASS BR-460-07-R03 small-divisor fast path
PASS BR-460-07-R04 modular remainder algorithm
PASS BR-460-07-R05 result normalized
PASS BR-460-07-R06 small arithmetic skips unused upper limbs
PASS BR-460-08-R01 per-VM byte ceiling
PASS BR-460-08-R02 per-register maximum
PASS BR-460-08-R03 stack byte ceiling
PASS BR-460-08-R04 scratch byte ceiling
PASS BR-460-08-R05 image ceiling retained
PASS BR-460-08-R06 device-buffer ceiling
PASS BR-460-09-R01 OOM has explicit typed trap
PASS BR-460-09-R02 word-width excess traps
PASS BR-460-09-R03 stack quota traps
PASS BR-460-09-R04 scratch quota traps
PASS BR-460-10-R01 small-integer fast path
PASS BR-460-10-R02 zero fast path
PASS BR-460-10-R03 one fast path
PASS BR-460-10-R04 sparse high-bit fast path
PASS BR-460-10-R05 portable scalar limbs; no required vector ISA
PASS BR-460-10-R06 constant-expression folding verified by toolchain acceptance target
PASS BR-460-11-R01 allocation strategy preserves observable result
PASS BR-460-11-R02 arithmetic result stable
PASS BR-460-11-R03 trap behavior stable
PASS BR-460-11-R04 instruction count/path stable
PASS BR-460-12-R01 simple workload avoids ~36MB architectural allocation
PASS BR-460-12-R02 full 1,048,576-bit addressable width retained
PASS BR-460-12-R03 configured memory limits enforced
PASS BR-460-12-R04 performance improvement measured by benchmark artifact with semantic regression suite
{"suite":"BR-460_WIDE_STATE_CONFORMANCE","requirements":59,"failures":0,"result":"PASS"}
BRCTL=/tmp/df-verify-n_medium-m78r5lpb/BOTTLE_ROCKET_5.0.0_VM_110K_RC/.build/bradmin BRVERIFY=/tmp/df-verify-n_medium-m78r5lpb/BOTTLE_ROCKET_5.0.0_VM_110K_RC/.build/brverify sh tests/constant_fold.sh
BR-460 constant-expression folding: PASS u64:40+2 -> 42
.build/brctl verify-secure deploy/BOTTLE_ROCKET_4.7.0_COLUMNED_LCTL_VIRTUAL_DEVICE_IO_SERVICE_ARCHITECTURE.brsb
secure=PASS status=0 trap=0 image_version=9 generation=1 issuer_epoch=1
.build/brctl secure-run deploy/BOTTLE_ROCKET_4.7.0_COLUMNED_LCTL_VIRTUAL_DEVICE_IO_SERVICE_ARCHITECTURE.brsb | grep 'R2.low64=42'
R2.low64=42
! .build/brctl run deploy/BOTTLE_ROCKET_4.7.0_COLUMNED_LCTL_VIRTUAL_DEVICE_IO_SERVICE_ARCHITECTURE.brimg >/dev/null 2>&1
cc -DBR_PRODUCTION -Isrc -Ihost -std=c11 -O2 -Wall -Wextra -Werror -fno-common -fstack-protector-strong src/brvm.c src/brtrust.c host/br_prod_host.c tests/device_io_conformance.c -o .build/br_device_conformance -lcrypto
.build/br_device_conformance
PASS BR-470-01-R01 stable device IDs
PASS BR-470-01-R02 device ABI v
PASS BR-470-01-R03 required capability declared
PASS BR-470-01-R04 operation numbers bounded
PASS BR-470-01-R05 input bound declared
PASS BR-470-01-R06 output bound declared
PASS BR-470-01-R07 device status namespace
PASS BR-470-01-R08 determinism declared
PASS BR-470-02-R01 console input
PASS BR-470-02-R02 console output
PASS BR-470-02-R03 console flush
PASS BR-470-02-R04 console length bounded
PASS BR-470-02-R05 console capability gate
PASS BR-470-03-R02 persistent block write
PASS BR-470-03-R01 persistent block read
PASS BR-470-03-R03 block sync
PASS BR-470-03-R04 capacity query=4096
PASS BR-470-03-R05 block bounds enforced
PASS BR-470-04-R01 monotonic generation read
PASS BR-470-04-R02 monotonic commit
PASS BR-470-04-R03 anti-rollback
PASS BR-470-05-R01 entropy explicitly nondeterministic
PASS BR-470-05-R02 entropy capability gated
PASS BR-470-05-R03 deterministic entropy substitute
PASS BR-470-05-R04 entropy failure is typed
PASS BR-470-06-R01 monotonic time
PASS BR-470-06-R02 wall clock optional/fail closed
PASS BR-470-06-R03 deterministic replay clock
PASS BR-470-06-R04 clock capability gate
PASS BR-470-07-R01 host-to-guest mailbox
PASS BR-470-07-R04 mailbox owns/copies payloads
PASS BR-470-07-R02 guest-to-host mailbox
PASS BR-470-07-R03 mailbox packets bounded
PASS BR-470-07-R05 no raw host pointers
PASS BR-470-08-R01 APDU parser rejects class/v
PASS BR-470-08-R02 strict per-command lengths
PASS BR-470-08-R03 strict command classes
PASS BR-470-08-R04 privileged recovery authenticated
PASS BR-470-08-R05 production/dev APDU separation
PASS BR-470-08-R06 deterministic malformed APDU fuzz corpus
PASS BR-470-09-R01 VM summary
PASS BR-470-09-R02 trap state
PASS BR-470-09-R03 resource usage
PASS BR-470-09-R04 image identity
PASS BR-470-09-R05 build identity
PASS BR-470-09-R06 diagnostics do not expose key material
PASS BR-470-10-R01 network absent by default
PASS BR-470-10-R02 optional extension separately registered
PASS BR-470-10-R03 network capability gated
PASS BR-470-10-R04 network packet bound
PASS BR-470-10-R05 explicit protocol adapter
PASS BR-470-10-R06 static boundary audit verifies no implicit host networking
PASS BR-470-11-R01 enumerate available devices
PASS BR-470-11-R02 versions exposed
PASS BR-470-11-R03 capabilities exposed
PASS BR-470-11-R04 limits exposed
PASS BR-470-11-R05 deterministic discovery ordering
PASS BR-470-12-R01 calls per execution limited
PASS BR-470-12-R02 transferred bytes limited
PASS BR-470-12-R03 storage writes limited
PASS BR-470-12-R04 entropy requests limited
PASS BR-470-12-R05 mailbox depth limited
PASS BR-470-13-R01 legacy service routes through device ABI
PASS BR-470-13-R02 unauthorized device use traps
PASS BR-470-13-R03 device input/output bounds safe
PASS BR-470-13-R04 replay substitutes nondeterministic inputs
{"suite":"BR-470_DEVICE_IO_CONFORMANCE","requirements":66,"failures":0,"result":"PASS"}
bash tests/device_boundary_audit.sh
guest-host device boundary: PASS
network default/implicit networking audit: PASS
.build/bradmin run deploy/BOTTLE_ROCKET_4.7.0_COLUMNED_LCTL_VIRTUAL_DEVICE_IO_SERVICE_ARCHITECTURE.brimg | grep 'R2.low64=42'
R2.low64=42
cp .build/brctl .build/brctl.stripped && strip .build/brctl.stripped
cc -DBR_PRODUCTION -Isrc -Ihost -std=c11 -O0 -g3 -Wall -Wextra -Werror -ffile-prefix-map=/tmp/df-verify-n_medium-m78r5lpb/BOTTLE_ROCKET_5.0.0_VM_110K_RC=. -fdebug-prefix-map=/tmp/df-verify-n_medium-m78r5lpb/BOTTLE_ROCKET_5.0.0_VM_110K_RC=. src/brvm.c src/brtrust.c host/br_prod_host.c src/brlctlc.c host/brctl.c -o .build/brctl.debug -lcrypto
stripped_executable_bytes=112856
debug_executable_bytes=641624
brim_bytes=272 ceiling=51200
{"record":"BOTTLE_ROCKET.ResourceGeometry/4.7.0","word_bytes":131072,"vm_struct_bytes":22304,"word_descriptor_bytes":24,"register_descriptor_bytes":384,"stack_descriptor_bytes":6144,"legacy_dense_register_bytes":2097152,"legacy_dense_stack_bytes":33554432,"legacy_scratch_bytes":262144,"zero_init_wide_heap_bytes":0,"vm_wide_ceiling":4194304,"register_ceiling":131072,"stack_byte_ceiling":1048576,"scratch_byte_ceiling":262144,"device_buffer_ceiling":4096}
production_runtime_and_authority_source_bytes=107675 ceiling=110000
independent_verifier_source_bytes=6266
qualification_test_source_bytes=10257
isa_abi_conformance_source_bytes=10328

--- stderr ---
&|^");if(q){n=(BZ)(q-s);if(!n||n>=sizeof b||strlen(q+1)>=sizeof b)return-1;memcpy(b,s,n);b[n]=0;errno=0;x=strtoull(b,&e,0);if(*e||errno)return-1;y=strtoull(q+1,&e,0);if(*e||errno)return-1;if(*q=='+'&&UINT64_MAX-x<y)return-1;if(*q=='*'&&y&&x>UINT64_MAX/y)return-1;*v=*q=='+'?x+y:*q=='*'?x*y:*q=='&'?x&y:*q=='|'?x|y:x^y;return 0;}errno=0;x=strtoull(s,&e,0);if(*e||errno==ERANGE)return-1;*v=(B64)x;return 0;}static int q6(const char*s,char k){B64 v;if(!s||s[0]!=k||q5(s+1,&v)||v>=16)return-1;return(int)v;}static int q7(const char*k,BZ n,const char*a){const char*p=a,*e;while(*p){e=strchr(p,'|');if(!e)e=p+strlen(p);if((BZ)(e-p)==n&&!strncmp(k,p,n))return 1;p=*e?e+1:e;}return 0;}static int q8(const char*s,const char*a,int semi){const char*p=s,*k;int q;while(*p){while(isspace((unsigned char)*p)||(semi&&*p==';'))++p;if(!*p)return 1;k=p;while(*p&&*p!='='&&!isspace((unsigned char)*p)&&(!semi||*p!=';'))++p;if(*p!='='||!q7(k,(BZ)(p-k),a))return 0;++p;q=0;if(*p=='"'){q=1;++p;}while(*p&&((q&&*p!='"')||(!q&&!(semi?*p==';':isspace((unsigned char)*p)))))++p;if(q){if(*p!='"')return 0;++p;}if(semi){while(isspace((unsigned char)*p))++p;if(*p&&*p!=';')return 0;}else if(*p&&!isspace((unsigned char)*p))return 0;}return 1;}static int q9(const char*s,const char*k,char*out,BZ cap){char pat[48];const char*p;BZ n=0;snprintf(pat,sizeof(pat),"%s=",k);p=strstr(s,pat);if(!p)return-1;if(p!=s&&!isspace((unsigned char)p[-1])&&p[-1]!=';')return-1;p+=strlen(pat);if(*p=='"'){++p;while(*p&&*p!='"'&&n+1<cap)out[n++]=*p++;if(*p!='"')return-1;}else while(*p&&!isspace((unsigned char)*p)&&*p!=';'&&n+1<cap)out[n++]=*p++;out[n]=0;return n?0:-1;}static int q10(char*s,B32*m){char*p,*save=NULL;int n;*m=0;for(p=strtok_r(s,"|",&save);p;p=strtok_r(NULL,"|",&save)){n=q4(p,caps,8);if(n<0||(*m&(1u<<(unsigned)n)))return-1;*m|=1u<<(unsigned)n;}return*m?0:-1;}static int q11(const char*s,const q0*l,BU n,B64*v){BU i;for(i=0;i<n;++i)if(!strcmp(s,l[i].name)){*v=l[i].ip;return 0;}return-1;}static int q12(const char*s,int upper){BZ i,n=strlen(s);if(!n||n>=32)return 0;if(upper?!(isupper((unsigned char)s[0])||s[0]=='_'):!(islower((unsigned char)s[0])||s[0]=='_'))return 0;for(i=1;i<n;++i)if(!(isalnum((unsigned char)s[i])||s[i]=='_'||s[i]=='.'||s[i]=='-'))return 0;return 1;}static int q13(char*s){unsigned char*p=(unsigned char*)s,*q=(unsigned char*)s;while(*p){if(*p=='\t'||*p=='\r'||(*p==0xc2&&p[1]==0xa6))return-1;if(*p<0x20&&*p!='\n')return-1;if(*p<0x80){*q++=*p++;continue;}if(p[0]==0xe2&&p[1]==0x94&&p[2]==0x82){*q++='|';p+=3;continue;}if(p[0]==0xe2&&p[1]==0x80&&p[2]==0xba){*q++='>';p+=3;continue;}return-1;}*q=0;return 0;}static int q14(char*s,char*c[8]){int n=0;char*p=s,*x=s;while(1){if(*p=='|'||!*p){char d=*p;if(n==8)return-1;*p=0;c[n++]=x;if(!d)break;x=p+1;}++p;}return n==8?0:-1;}static int q15(char*c[8]){int i;for(i=0;i<8;i++){const char*p=c[i];if(!*p)return 0;for(;*p;p++)if(isspace((unsigned char)*p))return 0;}return 1;}static int q16(char*s,char**a,char**b){char*p=strchr(s,'>');*a=s;*b=NULL;if(p){if(strchr(p+1,'>'))return-1;*p=0;*b=p+1;}return 0;}static int q17(int op){return op==N25||op==BR_JMP||op==BR_JZ||op==BR_JNZ||op==BR_HALT||op==N72||op==BR_RET||op==BR_YIELD||op==BR_TRAP||op==N35;}static int q18(const char*s,int op,int def,int*mode){char v[32],w[32];int m=def,hm,hw,wide=0,scalar=0;if(!strcmp(s,"_")){if(q17(op))return(*mode=BR_WRAP),0;return-1;}if(!q8(s,"mode|width",1))return-1;hm=q9(s,"mode",v,sizeof(v))==0;hw=q9(s,"width",w,sizeof(w))==0;if(hm){const char*pm=strstr(s,"mode=");const char*pw=strstr(s,"width=");if(pw&&pm>pw)return-1;m=q4(v,modes,4);if(m<0)return-1;}if(hw){wide=!strcmp(w,"WIDE");scalar=!strcmp(w,"SCALAR64");if(!wide&&!scalar)return-1;}if(q17(op)){if(hm||hw)return-1;}else if(op==BR_LOAD||op==BR_STORE||op==BR_LDX||op==BR_STX){if(!hw||!scalar||hm)return-1;}else{if(!hw||!wide)return-1;if(hm&&!(op==BR_ADD||op==BR_SUB||op==BR_MUL||op==BR_DIVU||op==BR_MODU||op==BR_SHL||op==BR_SHR))return-1;}*mode=m;return 0;}static B32 q19(BU op){if(op<=BR_HALT||op==N72||op==BR_RET||op==BR_YIELD||op==BR_TRAP||op==BR_CAPQ)return BR_CAP_CONTROL;if(op<=BR_CMP)return BR_CAP_ARITH;if(op==BR_LOAD||op==BR_STORE||op==BR_LDX||op==BR_STX)return BR_CAP_MEMORY;if(op==BR_PUSH||op==BR_POP)return BR_CAP_STACK;if(op==N35)return N58;if(op==N16)return N00;return 0;}static B32 q20(BU s){if(s>=N55)return 0;if(s<=3u||s==7u||s==9u||s==10u||s==11u||s==14u||s==16u||s==18u||s==19u)return N00;if(s==4u||s==5u||s==12u||s==13u||s==15u)return N00|N58;if(s==6u||s==17u)return N00|BR_CAP_DIAG;if(s==8u)return N00|N60;return 0;}static B32 q21(BU op){if(op==N72||op==BR_RET)return BR_FEAT_CALL;if(op==BR_LDX||op==BR_STX)return N67;if(op>=BR_YIELD&&op<=N35)return BR_FEAT_SYSTEM;return 0;}static void q22(q2*p){B32 i;for(i=0;i<p->q43;i++){q1*r=&p->q44[i];r->q41=0;if(r->in.op==BR_HALT||r->in.op==BR_TRAP)continue;if(r->in.op==BR_JMP||r->in.op==N72||r->in.op==BR_RET){r->q22[0]=(B16)r->in.imm;r->q41=1;}else if(r->in.op==BR_JZ||r->in.op==BR_JNZ){r->q22[0]=(B16)r->in.imm;r->q41=1;if(i+1<p->q43)r->q22[r->q41++]=(B16)(i+1);}else if(i+1<p->q43){r->q22[0]=(B16)(i+1);r->q41=1;}}}static int q23(q2*p,char*d,BZ dn){int depth[N05],cdepth[N05],q[N05],qh=0,qt=0,changed;B8 reach[N05]={0},terminal[N05]={0};B32 i,j,k;if(!p->q43)return-1;q22(p);for(i=0;i<p->q43;i++){q1*r=&p->q44[i];if((r->in.op==BR_JMP||r->in.op==BR_JZ||r->in.op==BR_JNZ||r->in.op==N72||r->in.op==BR_RET)&&r->in.imm>=p->q43){q3(d,dn,r->q42,"cfg target");return-1;}if((r->in.op==BR_LOAD||r->in.op==BR_STORE)&&(r->in.imm>K3-8u||(r->in.imm&7u))){q3(d,dn,r->q42,"memory align");return-1;}if((r->in.op==BR_LDX||r->in.op==BR_STX)&&r->in.imm>UINT32_MAX){q3(d,dn,r->q42,"index range");return-1;}if((r->in.op==BR_SHL||r->in.op==BR_SHR)&&r->in.imm>=N32){q3(d,dn,r->q42,"shift range");return-1;}if(r->in.op==N16&&r->in.imm>=N55){q3(d,dn,r->q42,"service id");return-1;}if(r->in.op==BR_CAPQ&&r->in.imm>=N71){q3(d,dn,r->q42,"cap index");return-1;}if(r->in.op==BR_RET){int found=0;for(k=0;k<p->q43;k++)if(p->q44[k].in.op==N72&&k+1u==r->in.imm){found=1;break;}if(!found){q3(d,dn,r->q42,"RET site");return-1;}}if(r->in.cap!=0){q3(d,dn,r->q42,"dynamic C");return-1;}if((r->need&~p->q32)!=0){q3(d,dn,r->q42,"cap excess");return-1;}if(!r->q41&&r->in.op!=BR_HALT&&r->in.op!=BR_TRAP){q3(d,dn,r->q42,"fallthrough");return-1;}}for(i=0;i<p->q43;i++)depth[i]=cdepth[i]=-32768;depth[0]=cdepth[0]=0;q[qt++]=0;reach[0]=1;while(qh<qt){i=(B32)q[qh++];{q1*r=&p->q44[i];int nd=depth[i]+r->q36,nc=cdepth[i]+r->q37;if(nd<0||nd>(int)N69){q3(d,dn,r->q42,"data stack");return-1;}if(nc<0||nc>(int)N75){q3(d,dn,r->q42,"call stack");return-1;}for(j=0;j<r->q41;j++){B32 v=r->q22[j];if(depth[v]==-32768){depth[v]=nd;cdepth[v]=nc;reach[v]=1;q[qt++]=(int)v;}else if(depth[v]!=nd||cdepth[v]!=nc){q3(d,dn,p->q44[v].q42,"stack merge");return-1;}}}}for(i=0;i<p->q43;i++)if(!reach[i]){q3(d,dn,p->q44[i].q42,"unreachable");return-1;}for(i=0;i<p->q43;i++)if(p->q44[i].in.op==BR_HALT||p->q44[i].in.op==BR_TRAP)terminal[i]=1;do{changed=0;for(i=0;i<p->q43;i++)if(!terminal[i])for(j=0;j<p->q44[i].q41;j++)if(terminal[p->q44[i].q22[j]]){terminal[i]=1;changed=1;break;}}while(changed);for(i=0;i<p->q43;i++)if(reach[i]&&!terminal[i]){q3(d,dn,p->q44[i].q42,"no terminal");return-1;}if(!p->q39){q3(d,dn,1,"no max_steps");return-1;}if(p->q32!=p->q33){q3(d,dn,1,"caps mismatch");return-1;}return 0;}static int q24(char*c[8],const q0*l,BU ln,int def,q1*r,char*d,BZ dn,BU q42){char inbuf[160],*a,*b;int op,m,x;B64 u;const char*arg=c[6];if(!q12(c[0],1)||!q12(c[1],0)){q3(d,dn,q42,"ID/LANE");return-1;}op=q4(c[2],ops,N28);if(op<0){q3(d,dn,q42,"opcode");return-1;}if(q18(c[7],op,def,&m)){q3(d,dn,q42,"metadata");return-1;}memset(r,0,sizeof(*r));strcpy(r->id,c[0]);r->q42=q42;r->in.op=(B8)op;r->in.mode=(B8)m;x=q6(c[4],'C');if(x<0){q3(d,dn,q42,"CTRL");return-1;}r->in.cap=(B8)x;snprintf(inbuf,sizeof(inbuf),"%s",c[5]);if(q16(inbuf,&a,&b)){q3(d,dn,q42,"operand pack");return-1;}
      | 
src/brlctlc.c:17: note: adding ‘-flarge-source-files’ will allow for more column-tracking support, at the expense of compilation time and memory
